{
  "verdict": "pass",
  "pages": [
    {
      "name": "compare-dark",
      "violations": [],
      "metrics": {
        "cls": 0.000001211208767361111,
        "lcp": 564,
        "fcp": 408,
        "documentWidth": 1440,
        "viewport": 1440,
        "reducedMotion": true
      }
    },
    {
      "name": "compare-light",
      "violations": [],
      "metrics": {
        "cls": 0.006546269712094908,
        "lcp": 564,
        "fcp": 408,
        "documentWidth": 1440,
        "viewport": 1440,
        "reducedMotion": true
      }
    },
    {
      "name": "radar-light",
      "violations": [],
      "metrics": {
        "cls": 0.0000012856565875771604,
        "lcp": 164,
        "fcp": 120,
        "documentWidth": 1440,
        "viewport": 1440,
        "reducedMotion": true
      }
    },
    {
      "name": "radar-mobile",
      "violations": [],
      "metrics": {
        "cls": 0.0000012856565875771604,
        "lcp": 164,
        "fcp": 120,
        "documentWidth": 390,
        "viewport": 390,
        "reducedMotion": true
      }
    },
    {
      "name": "radar-320",
      "violations": [],
      "metrics": {
        "cls": 0.0000012856565875771604,
        "lcp": 164,
        "fcp": 120,
        "documentWidth": 320,
        "viewport": 320,
        "reducedMotion": true
      }
    },
    {
      "name": "ranking-light",
      "violations": [],
      "metrics": {
        "cls": 0.0000012856565875771604,
        "lcp": 100,
        "fcp": 100,
        "documentWidth": 1440,
        "viewport": 1440,
        "reducedMotion": true
      }
    },
    {
      "name": "ranking-mobile",
      "violations": [],
      "metrics": {
        "cls": 0.08156975799937306,
        "lcp": 100,
        "fcp": 100,
        "documentWidth": 390,
        "viewport": 390,
        "reducedMotion": true
      }
    },
    {
      "name": "model-sheet",
      "violations": [],
      "metrics": {
        "cls": 0.0000012856565875771604,
        "lcp": 816,
        "fcp": 816,
        "documentWidth": 1440,
        "viewport": 1440,
        "reducedMotion": true
      }
    },
    {
      "name": "overview-light",
      "violations": [],
      "metrics": {
        "cls": 0.0000012856565875771604,
        "lcp": 124,
        "fcp": 124,
        "documentWidth": 1440,
        "viewport": 1440,
        "reducedMotion": true
      }
    },
    {
      "name": "overview-mobile",
      "violations": [],
      "metrics": {
        "cls": 0.0000012856565875771604,
        "lcp": 124,
        "fcp": 124,
        "documentWidth": 390,
        "viewport": 390,
        "reducedMotion": true
      }
    },
    {
      "name": "overview-dark-mobile",
      "violations": [],
      "metrics": {
        "cls": 0.0000012856565875771604,
        "lcp": 124,
        "fcp": 124,
        "documentWidth": 390,
        "viewport": 390,
        "reducedMotion": true
      }
    }
  ],
  "interactions": 8,
  "screenshots": 15
}
