aider-polyglot--snapshot-2026-09-10-0 0
arc-agi--3-0 0
arc-agi--2-0 0
arc-agi--1-0 0
critpt--snapshot-2026-09-10-0 0
buzzbench--snapshot-2026-09-10-0 0
eqbench-judgemark--4-0 0
eq-bench--4-0 0
eqbench-creative-writing--3-0 0
japanese-rp-bench-aratako--snapshot-2026-09-10-0 0
eqbench-longform-writing--v1.11-0 0
japanese-rp-bench-tegnike--2-0 0
livebench--2026-06-25-0 0
eqbench-slop-score--snapshot-2026-09-10-0 0
mazur-creative-story-writing--snapshot-2026-09-10-0 0
mazur-divergent-thinking--snapshot-2026-09-10-0 0
longbench--2-0 0
mazur-elimination-game--snapshot-2026-09-10-0 0
pingpong-english--2-0 0
rp-bench-community--snapshot-2026-09-10-0 0
scicode--snapshot-2026-09-10-0 0
mmmu--snapshot-2026-09-10-0 0
ruler--snapshot-2026-09-10-0 0
slop-index--snapshot-2026-09-10-0 0
simple-bench--snapshot-2026-09-10-0 0
spiral-bench--1.2-0 0
swe-bench-multilingual--snapshot-2026-09-10-0 0
slopbench--snapshot-2026-09-10-0 0
swe-bench-pro-public--snapshot-2026-09-10-0 0
swe-bench-multimodal--snapshot-2026-09-10-0 0
tau3-banking--1.0.1-0 0
tau2-bench--2-0 0
tau3-voice--snapshot-2026-09-10-0 0
terminal-bench--4.0-0 0
swe-bench-verified--snapshot-2026-09-10-0 0
ugi-natint--snapshot-2026-09-10-0 0
ugi-natint--snapshot-2026-09-10-1 1
ugi-natint--snapshot-2026-09-10-2 0
ugi-natint--snapshot-2026-09-10-3 1
ugi-natint--snapshot-2026-09-10-5 0
ugi-natint--snapshot-2026-09-10-4 0
ugi-willingness--snapshot-2026-09-10-0 0
ugi-willingness--snapshot-2026-09-10-2 0
ugi-willingness--snapshot-2026-09-10-1 1
ugi-willingness--snapshot-2026-09-10-3 0
ugi-willingness--snapshot-2026-09-10-5 0
ugi-willingness--snapshot-2026-09-10-4 1
ugi-writing--snapshot-2026-09-10-0 0
ugi-writing--snapshot-2026-09-10-2 0
ugi-writing--snapshot-2026-09-10-1 0
ugi-writing--snapshot-2026-09-10-5 0
ugi-writing--snapshot-2026-09-10-4 0
ugi-writing--snapshot-2026-09-10-3 0
ugi--snapshot-2026-09-10-0 0
ugi--snapshot-2026-09-10-1 0
ugi--snapshot-2026-09-10-2 0
ugi--snapshot-2026-09-10-3 0
ugi--snapshot-2026-09-10-4 0
ugi--snapshot-2026-09-10-5 0
