{
  "verdict": "pass",
  "pages": [
    {
      "name": "compare-dark",
      "violations": [],
      "metrics": {
        "cls": 0.000001211208767361111,
        "lcp": 876,
        "fcp": 812,
        "documentWidth": 1440,
        "viewport": 1440,
        "reducedMotion": true
      }
    },
    {
      "name": "compare-light",
      "violations": [],
      "metrics": {
        "cls": 0.015608748010706018,
        "lcp": 876,
        "fcp": 812,
        "documentWidth": 1440,
        "viewport": 1440,
        "reducedMotion": true
      }
    },
    {
      "name": "radar-light",
      "violations": [],
      "metrics": {
        "cls": 0.0000012856565875771604,
        "lcp": 304,
        "fcp": 184,
        "documentWidth": 1440,
        "viewport": 1440,
        "reducedMotion": true
      }
    },
    {
      "name": "radar-mobile",
      "violations": [],
      "metrics": {
        "cls": 0.0000012856565875771604,
        "lcp": 304,
        "fcp": 184,
        "documentWidth": 390,
        "viewport": 390,
        "reducedMotion": true
      }
    },
    {
      "name": "radar-320",
      "violations": [],
      "metrics": {
        "cls": 0.0000012856565875771604,
        "lcp": 304,
        "fcp": 184,
        "documentWidth": 320,
        "viewport": 320,
        "reducedMotion": true
      }
    },
    {
      "name": "ranking-light",
      "violations": [],
      "metrics": {
        "cls": 0.0000012856565875771604,
        "lcp": 168,
        "fcp": 168,
        "documentWidth": 1440,
        "viewport": 1440,
        "reducedMotion": true
      }
    },
    {
      "name": "ranking-mobile",
      "violations": [],
      "metrics": {
        "cls": 0.08061966540678048,
        "lcp": 168,
        "fcp": 168,
        "documentWidth": 390,
        "viewport": 390,
        "reducedMotion": true
      }
    },
    {
      "name": "model-sheet",
      "violations": [],
      "metrics": {
        "cls": 0.0000012856565875771604,
        "lcp": 892,
        "fcp": 892,
        "documentWidth": 1440,
        "viewport": 1440,
        "reducedMotion": true
      }
    },
    {
      "name": "overview-light",
      "violations": [],
      "metrics": {
        "cls": 0.0000012856565875771604,
        "lcp": 220,
        "fcp": 220,
        "documentWidth": 1440,
        "viewport": 1440,
        "reducedMotion": true
      }
    },
    {
      "name": "overview-mobile",
      "violations": [],
      "metrics": {
        "cls": 0.0000012856565875771604,
        "lcp": 220,
        "fcp": 220,
        "documentWidth": 390,
        "viewport": 390,
        "reducedMotion": true
      }
    },
    {
      "name": "overview-dark-mobile",
      "violations": [],
      "metrics": {
        "cls": 0.0000012856565875771604,
        "lcp": 220,
        "fcp": 220,
        "documentWidth": 390,
        "viewport": 390,
        "reducedMotion": true
      }
    }
  ],
  "interactions": 8,
  "screenshots": 15
}
