/charts 1440 light 0 []
/charts 390 light 0 []
/charts 1440 dark 0 []
/scatter 1440 light 0 []
/scatter 390 light 0 []
/scatter 1440 dark 0 []
/providers 1440 light 0 []
/providers 390 light 0 []
/providers 1440 dark 0 []
/provider-explorer 1440 light 0 []
/provider-explorer 390 light 0 []
/provider-explorer 1440 dark 0 []
/eu 1440 light 0 []
/eu 390 light 0 []
/eu 1440 dark 0 []
/gateways 1440 light 0 []
/gateways 390 light 0 []
/gateways 1440 dark 0 []
/about 1440 light 0 []
/about 390 light 0 []
/about 1440 dark 0 []
